0 0 0 0 0 0 0 0 0
0 0 0 0 0 0 0 0 0
0 0 0 0 0 0 0 0 0
0 0 0 0 0 0 0 0 0
1 1 1 1 1 1 1 1 1
-1 0 -1 0 -1 0 -1 0 0
127 127 127 127 127 127 127 127 127
127 128 128 128 128 128 128 128 128
-128 0 -128 0 -128 0 -128 0 0
-128 0 -129 0 -129 0 -129 0 0
127 255 255 255 255 255 255 255 255
127 255 256 256 256 256 256 256 256
127 255 300 300 300 300 300 300 300
-5 0 -5 0 -5 0 -5 0 0
127 255 32767 65535 2147483647 4294967295 10000000000 10000000000 10000000000
-128 0 -32768 0 -2147483648 0 -10000000000 0 0
127 255 32767 65535 2147483647 2147483647 2147483647 2147483647 2147483647
127 255 32767 65535 2147483647 2147483648 2147483648 2147483648 2147483648
-128 0 -32768 0 -2147483648 0 -2147483649 0 0
127 255 32767 65535 2147483647 4294967295 4294967295 4294967295 4294967295
127 255 32767 65535 2147483647 4294967295 4294967296 4294967296 4294967296
127 255 32767 65535 2147483647 4294967295 9200000000000000000 9200000000000000000 9200000000000000000
127 255 32767 65535 2147483647 4294967295 9223372036854775807 9300000000000000000 9300000000000000000
-128 0 -32768 0 -2147483648 0 -9223372036854775808 0 0
127 255 32767 65535 2147483647 4294967295 9223372036854775807 18000000000000000000 18000000000000000000
127 255 32767 65535 2147483647 4294967295 9223372036854775807 18446744073709551615 18446744073709551615
0 0 0 0 0 0 0 0 0
127 255 32767 65535 2147483647 4294967295 9223372036854775807 18446744073709551615 18446744073709551615
-128 0 -32768 0 -2147483648 0 -9223372036854775808 0 0
0 0 0
0 -3 0
255 300 300
255 2147483647 18446744073709551615
0 0 0
0 0
1 1
4503599627370496 4503599600000000
9007199254740992 9007199000000000
9223372036854776000 9223372000000000000
9223372036854778000 9223372000000000000
18446744073709552000 18446744000000000000
