btree map: 2192 entries, checksum 16376383737431882957
  first Some((2, 18737)) last Some((2999, 16649))
  sorted true
  reversed true
  middle Some((1000, 19873)) Some((1099, 18886)) 70
  drained to {1016: 19458, 1018: 2, 1020: 10846, 1021: 17970, 2022: 17573, 2024: 1, 2025: 19175, 2027: 14009}
  words {"and": 2, "bat": 1, "cat": 1, "hat": 1, "the": 3} 3
  retained [("bat", 10), ("cat", 10), ("hat", 10), ("the", 30)]
btree set: 230 226 346 120 236 [2, 3, 4, 5, 12, 22, 28, 31]
  subset true true disjoint false
  range [100, 106, 107, 108, 109, 116, 118, 119, 121, 126, 127, 128, 129]
  ops {1, 2, 3, 4, 5, 1000}
hash map: 3029 entries, checksum 11746264283981982254
  retained 1003 all zero true
  [("ann", [1, 2]), ("bob", [3])]
hash set: 32 46 [0, 3, 4, 8, 10, 11, 12, 18, 19, 21, 24, 26, 34, 38, 39, 40, 44, 54, 55, 56]
deque: 3714 elements, sum 1863943, popped 16518719652437774379
  Some(297) Some(641) [641, 958, 839, 938, 567]
  [1, 5, 6, 99] [2, 3]
heap: [99, 94, 92, 85, 73, 90, 92, 58, 76, 51, 33, 75, 85, 82, 63, 28, 58, 60, 75, 33, 29, 16, 23, 15, 74, 41, 51, 47, 75, 25, 60, 8, 23, 17, 55, 31, 52, 6, 23, 9]
  [99, 94, 92, 92, 90, 85, 85, 82, 76, 75] [75, 75, 74, 60, 73, 52, 63, 58, 55, 51, 33, 17, 51, 47, 60, 28, 58, 23, 23, 33, 29, 16, 23, 15, 8, 41, 6, 31, 9, 25]
  [93, 86, 88, 76, 85, 74, 70, 75, 75, 82, 84, 68, 51, 57, 63, 60, 58, 67, 39, 51, 80, 45, 60, 31, 63, 46, 24, 44, 47, 25, 60, 28, 58, 50, 15, 23, 55, 23, 26, 33, 44, 29, 73, 16, 33, 23, 46, 15, 17, 8, 52, 41, 22, 6, 4, 7, 31, 9, 31, 3]
  Some(Reverse(1)) Some(Reverse(2))
  [1, 1, 2, 3, 4, 5, 6, 9]
