Outer { inner: Inner { name: "in", values: [1, 2], flag: Some(true) }, shapes: [Circle { r: 1.5 }, Rect(2.0, 3.0), Empty], pair: (7, "seven") }
Outer {
    inner: Inner {
        name: "in",
        values: [
            1,
            2,
        ],
        flag: Some(
            true,
        ),
    },
    shapes: [
        Circle {
            r: 1.5,
        },
        Rect(
            2.0,
            3.0,
        ),
        Empty,
    ],
    pair: (
        7,
        "seven",
    ),
}
[   3.142] [2.50    ] [  -1.2   ] [+42] [-0003.50] [1.2345e3] [1.2E-4]
[0xff] [0xFF] [0o10] [0b101] [00000101] [0x000000ff] [ff]
[   ab] [ab   ] [ ab  ] [**mid**] [1---]
[     1.414] [     6] [1.23] [         r]
a b a n
NaN inf -0.0 1e21
1000000000000000 10000000000000000 0.30000000000000004 100000000
1.0 0.1 0.0000001
-$123.45 $0.05
$2.50|$0.01     |
Inner { name: "", values: [], flag: None } (1, "x", [1.5, 2.0], Some(()), None)
true |c    |  é  |    1|
"tab\t\"quote\""
(
    1,
    [
        (
            2,
            3,
        ),
    ],
    Empty,
)
no newline 340282366920938463463374607431768211455
-170141183460469231731687303715884105728 -170141183460469231731687303715884105728
