[4, 16, 36, 64, 100]
[(1, 'a'), (2, 'b'), (3, 'c')]
[1, 2, 9, 10]
[1, 2, 3] ['a', 'b', 'c', 'd']
[1, 3, 6, 10, 15, 21, 28, 36, 45, 55]
[1, 2, 3] [8, 9, 10]
[0, 7, 14] [4, 3, 2, 1, 0]
[6, 9, 12, 15, 18, 21, 24, 27]
[4, 4, 2]
[1, 4, 7]
[(1, 2), (3, 4), (5, 6), (7, 8), (9, 10)]
true true Some(4) Some(1)
Some("fig") Some("banana")
Some("banana") Some("apple")
6.75 1307674368000 12345678910
[1, 2, 3, 4] [5, 6, 7, 8, 9, 10]
[1, 2] ['a', 'b']
Some(10) Some(4) 10
[1, 4, 7, 10]
[6, 7, 8, 9, 10]
["a", "b", "", "c"]
[0, 1, 2, 3]
{"apple": 5, "banana": 6, "fig": 3, "kiwi": 4} [("banana", 6), ("fig", 3)]
[0, 3, 4, 5, 1, 2] Some(0) Some(2)
[1, 3, 5, 8]
[('i', 4), ('m', 1), ('p', 2), ('s', 4)]
[1, 2, 3, 4] [2] [4, 6]
[[0], [0, 2], [0, 3, 6]]
Some(10)
[9, 6, 3]
1-2-3-4-5-6-7-8-9-10
"ababab"
[1, 3, 9, 27, 81, 243]
[5]
[1, 2, 3]
Equal
false
[[1, 2, 3], [5, 6, 7], [9, 10]]
20
