None Some(2147483646) None
-2147483648 2147483647 -2147483648
(-2147483648, true) (144, true)
1099511627776 81 -8 true
26 3 8 8
13330 2147483648 3
-4 -3 -2 1
7 2147483648 3
20 -32768 -1
44 4294967295 3
0 0 2147483647
ÿ 67 b
1.4142135623730951 1024 1.4142135623730951 2
0.909297 -0.416147 -2.185040 1.107149
3 -3 2 -3
2 0.75 1.5 7
1 1 5
true true 4591870180066957722
2 0.00000011920929 179769313486231570000000000000000000000000000000000000000000000000000000000000000000000000000000000000000000000000000000000000000000000000000000000000000000000000000000000000000000000000000000000000000000000000000000000000000000000000000000000000000000000000000000000000000000000000000000000000000000000000000
1 3 2
0.3 0.33333334 4
Ok(42) Ok(-7) true
Ok(3.5) Ok(1000.0) true
Ok(-255) Ok(5)
3 3.5 1
4294967293 -128
1099511627776 -4 15
1 true
Err(TryFromIntError(())) Ok(100)
57.29577951308232 3.141592653589793
2.080083823051904 5 0.0010005001667083417
64 64
16 true
true 3
