"1.5" Ok(1.5) Ok(1.5)
"-0.25" Ok(-0.25) Ok(-0.25)
"+3" Ok(3.0) Ok(3.0)
".5" Ok(0.5) Ok(0.5)
"5." Ok(5.0) Ok(5.0)
"1e3" Ok(1000.0) Ok(1000.0)
"2.5E-2" Ok(0.025) Ok(0.025)
"inf" Ok(inf) Ok(inf)
"-Infinity" Ok(-inf) Ok(-inf)
"NaN" Ok(NaN) Ok(NaN)
"0x1A" Err(ParseFloatError { kind: Invalid }) Err(ParseFloatError { kind: Invalid })
"nan(1)" Err(ParseFloatError { kind: Invalid }) Err(ParseFloatError { kind: Invalid })
"1e" Err(ParseFloatError { kind: Invalid }) Err(ParseFloatError { kind: Invalid })
"." Err(ParseFloatError { kind: Invalid }) Err(ParseFloatError { kind: Invalid })
"" Err(ParseFloatError { kind: Empty }) Err(ParseFloatError { kind: Empty })
" 1" Err(ParseFloatError { kind: Invalid }) Err(ParseFloatError { kind: Invalid })
"1 " Err(ParseFloatError { kind: Invalid }) Err(ParseFloatError { kind: Invalid })
"1_000" Err(ParseFloatError { kind: Invalid }) Err(ParseFloatError { kind: Invalid })
"+-1" Err(ParseFloatError { kind: Invalid }) Err(ParseFloatError { kind: Invalid })
"1.7976931348623157e309" Ok(inf) Ok(inf)
"4.9e-324" Ok(5e-324) Ok(0.0)
"0.1" Ok(0.1) Ok(0.1)
Ok('x')
Err(ParseCharError { kind: EmptyString })
Err(ParseCharError { kind: TooManyChars })
Ok('é')
Ok(true)
Ok(false)
Err("provided string was not `true` or `false`")
Err("provided string was not `true` or `false`")
Ok("s") cannot parse char from empty string
true
provided string was not `true` or `false`
