digest 14711734095347395473
'a' 1011000 "A" "a" 1
'Z' 1010100 "Z" "z" 1
'ß' 1011000 "SS" "ß" 2
'İ' 1010100 "İ" "i\u{307}" 1
'ǅ' 1010000 "Ǆ" "ǆ" 1
'Ⅻ' 1110100 "Ⅻ" "ⅻ" 1
'½' 0110000 "½" "½" 1
'٣' 0110000 "٣" "٣" 1
'\u{a0}' 0000010 "\u{a0}" "\u{a0}" 1
'\u{85}' 0000011 "\u{85}" "\u{85}" 1
'\u{2028}' 0000010 "\u{2028}" "\u{2028}" 1
'ﬀ' 1011000 "FF" "ﬀ" 2
'ŉ' 1011000 "ʼN" "ŉ" 2
'Σ' 1010100 "Σ" "σ" 1
'ς' 1011000 "Σ" "ς" 1
'ﬃ' 1011000 "FFI" "ﬃ" 3
'😀' 0000000 "😀" "😀" 1
'𝔄' 1010100 "𝔄" "𝔄" 1
'ꭰ' 1011000 "Ꭰ" "ꭰ" 1
οδος ΟΔΟΣ 4
σας οδος. ΣΑΣ ΟΔΟΣ. 7
σ Σ 1
aσ'b AΣ'B 1
ας' ΑΣ' 2
straße STRASSE 0
i̇stanbul İSTANBUL 1
ǆemal ǄEMAL 0
maňana MAŇANA 6
